// Jest Snapshot v1, https://goo.gl/fbAQLP

exports[`コンポーネントの確認 1`] = `
Object {
  "asFragment": [Function],
  "baseElement": <body>
    <div>
      <div>
        <main
          class="signin"
        >
          <form
            class="signin-form"
          >
            <h2>
              ログイン
            </h2>
            <label
              class="email-label"
            >
              メールアドレス
            </label>
            <br />
            <input
              autocomplete="current-password"
              class="email-input"
              type="email"
            />
            <br />
            <label
              class="password-label"
            >
              パスワード
            </label>
            <br />
            <input
              autocomplete="current-password"
              class="password-input"
              type="password"
            />
            <br />
            <button
              class="signin-button"
              type="button"
            >
              ログイン
            </button>
          </form>
        </main>
        <a>
          新規作成
        </a>
      </div>
    </div>
  </body>,
  "container": <div>
    <div>
      <main
        class="signin"
      >
        <form
          class="signin-form"
        >
          <h2>
            ログイン
          </h2>
          <label
            class="email-label"
          >
            メールアドレス
          </label>
          <br />
          <input
            autocomplete="current-password"
            class="email-input"
            type="email"
          />
          <br />
          <label
            class="password-label"
          >
            パスワード
          </label>
          <br />
          <input
            autocomplete="current-password"
            class="password-input"
            type="password"
          />
          <br />
          <button
            class="signin-button"
            type="button"
          >
            ログイン
          </button>
        </form>
      </main>
      <a>
        新規作成
      </a>
    </div>
  </div>,
  "debug": [Function],
  "findAllByAltText": [Function],
  "findAllByDisplayValue": [Function],
  "findAllByLabelText": [Function],
  "findAllByPlaceholderText": [Function],
  "findAllByRole": [Function],
  "findAllByTestId": [Function],
  "findAllByText": [Function],
  "findAllByTitle": [Function],
  "findByAltText": [Function],
  "findByDisplayValue": [Function],
  "findByLabelText": [Function],
  "findByPlaceholderText": [Function],
  "findByRole": [Function],
  "findByTestId": [Function],
  "findByText": [Function],
  "findByTitle": [Function],
  "getAllByAltText": [Function],
  "getAllByDisplayValue": [Function],
  "getAllByLabelText": [Function],
  "getAllByPlaceholderText": [Function],
  "getAllByRole": [Function],
  "getAllByTestId": [Function],
  "getAllByText": [Function],
  "getAllByTitle": [Function],
  "getByAltText": [Function],
  "getByDisplayValue": [Function],
  "getByLabelText": [Function],
  "getByPlaceholderText": [Function],
  "getByRole": [Function],
  "getByTestId": [Function],
  "getByText": [Function],
  "getByTitle": [Function],
  "queryAllByAltText": [Function],
  "queryAllByDisplayValue": [Function],
  "queryAllByLabelText": [Function],
  "queryAllByPlaceholderText": [Function],
  "queryAllByRole": [Function],
  "queryAllByTestId": [Function],
  "queryAllByText": [Function],
  "queryAllByTitle": [Function],
  "queryByAltText": [Function],
  "queryByDisplayValue": [Function],
  "queryByLabelText": [Function],
  "queryByPlaceholderText": [Function],
  "queryByRole": [Function],
  "queryByTestId": [Function],
  "queryByText": [Function],
  "queryByTitle": [Function],
  "rerender": [Function],
  "unmount": [Function],
}
`;
